
USER@BidexTech MINGW64 ~
$ cd

USER@BidexTech MINGW64 ~
$ cd/user
bash: cd/user: No such file or directory

USER@BidexTech MINGW64 ~
$ /c/Users/USER/project
bash: /c/Users/USER/project: Is a directory

USER@BidexTech MINGW64 ~
$ git init
Initialized empty Git repository in C:/Users/USER/.git/

USER@BidexTech MINGW64 ~ (master)
$ cd/user/project
bash: cd/user/project: No such file or directory

USER@BidexTech MINGW64 ~ (master)
$ cd project

USER@BidexTech MINGW64 ~/project (master)
$ cd good
bash: cd: good: No such file or directory

USER@BidexTech MINGW64 ~/project (master)
$ git init
Initialized empty Git repository in C:/Users/USER/project/.git/

USER@BidexTech MINGW64 ~/project (master)
$ git config
usage: git config [<options>]

Config file location
    --global              use global config file
    --system              use system config file
    --local               use repository config file
    --worktree            use per-worktree config file
    -f, --file <file>     use given config file
    --blob <blob-id>      read config from given blob object

Action
    --get                 get value: name [value-pattern]
    --get-all             get all values: key [value-pattern]
    --get-regexp          get values for regexp: name-regex [value-pattern]
    --get-urlmatch        get value specific for the URL: section[.var] URL
    --replace-all         replace all matching variables: name value [value-pattern]
    --add                 add a new variable: name value
    --unset               remove a variable: name [value-pattern]
    --unset-all           remove all matches: name [value-pattern]
    --rename-section      rename section: old-name new-name
    --remove-section      remove a section: name
    -l, --list            list all
    --fixed-value         use string equality when comparing values to 'value-pattern'
    -e, --edit            open an editor
    --get-color           find the color configured: slot [default]
    --get-colorbool       find the color setting: slot [stdout-is-tty]

Type
    -t, --type <>         value is given this type
    --bool                value is "true" or "false"
    --int                 value is decimal number
    --bool-or-int         value is --bool or --int
    --bool-or-str         value is --bool or string
    --path                value is a path (file or directory name)
    --expiry-date         value is an expiry date

Other
    -z, --null            terminate values with NUL byte
    --name-only           show variable names only
    --includes            respect include directives on lookup
    --show-origin         show origin of config (file, standard input, blob, command line)
    --show-scope          show scope of config (worktree, local, global, system, command)
    --default <value>     with --get, use default value when missing entry


USER@BidexTech MINGW64 ~/project (master)
$ git status
On branch master

No commits yet

nothing to commit (create/copy files and use "git add" to track)

USER@BidexTech MINGW64 ~/project (master)
$ git config --list
diff.astextplain.textconv=astextplain
filter.lfs.clean=git-lfs clean -- %f
filter.lfs.smudge=git-lfs smudge -- %f
filter.lfs.process=git-lfs filter-process
filter.lfs.required=true
http.sslbackend=openssl
http.sslcainfo=C:/Program Files/Git/mingw64/ssl/certs/ca-bundle.crt
core.autocrlf=true
core.fscache=true
core.symlinks=false
pull.rebase=false
credential.helper=manager-core
credential.https://dev.azure.com.usehttppath=true
init.defaultbranch=master
user.name=Abidemi Olasunkanmi
user.email=bidextech@yahoo.com
core.editor=code --wait
core.autocrlf=true
core.repositoryformatversion=0
core.filemode=false
core.bare=false
core.logallrefupdates=true
core.symlinks=false
core.ignorecase=true

USER@BidexTech MINGW64 ~/project (master)
$ code

USER@BidexTech MINGW64 ~/project (master)
$ git add "Description.txt"
fatal: pathspec 'Description.txt' did not match any files

USER@BidexTech MINGW64 ~/project (master)
$ git add "Description.txt"

USER@BidexTech MINGW64 ~/project (master)
$ git status
On branch master

No commits yet

Changes to be committed:
  (use "git rm --cached <file>..." to unstage)
        new file:   Description.txt

Untracked files:
  (use "git add <file>..." to include in what will be committed)
        python.py


USER@BidexTech MINGW64 ~/project (master)
$ git add.
git: 'add.' is not a git command. See 'git --help'.

The most similar command is
        add

USER@BidexTech MINGW64 ~/project (master)
$ git add .

USER@BidexTech MINGW64 ~/project (master)
$ git status
On branch master

No commits yet

Changes to be committed:
  (use "git rm --cached <file>..." to unstage)
        new file:   Description.txt
        new file:   python.py


USER@BidexTech MINGW64 ~/project (master)
$ git commit -m "Adding initial files"
[master (root-commit) 653848a] Adding initial files
 2 files changed, 0 insertions(+), 0 deletions(-)
 create mode 100644 Description.txt
 create mode 100644 python.py

USER@BidexTech MINGW64 ~/project (master)
$ git status
On branch master
nothing to commit, working tree clean

USER@BidexTech MINGW64 ~/project (master)
$ code

USER@BidexTech MINGW64 ~/project (master)
$ git status
On branch master
Changes not staged for commit:
  (use "git add <file>..." to update what will be committed)
  (use "git restore <file>..." to discard changes in working directory)
        modified:   python.py

no changes added to commit (use "git add" and/or "git commit -a")

USER@BidexTech MINGW64 ~/project (master)
$ git restore .

USER@BidexTech MINGW64 ~/project (master)
$ git status
On branch master
nothing to commit, working tree clean

USER@BidexTech MINGW64 ~/project (master)
$ git status
On branch master
Changes not staged for commit:
  (use "git add <file>..." to update what will be committed)
  (use "git restore <file>..." to discard changes in working directory)
        modified:   python.py

no changes added to commit (use "git add" and/or "git commit -a")

USER@BidexTech MINGW64 ~/project (master)
$ gid add .
bash: gid: command not found

USER@BidexTech MINGW64 ~/project (master)
$ git add .

USER@BidexTech MINGW64 ~/project (master)
$ git status
On branch master
Changes to be committed:
  (use "git restore --staged <file>..." to unstage)
        modified:   python.py


USER@BidexTech MINGW64 ~/project (master)
$ git commit -m "updated python file"
[master 861ae20] updated python file
 1 file changed, 1 insertion(+)

USER@BidexTech MINGW64 ~/project (master)
$ git status
On branch master
nothing to commit, working tree clean

USER@BidexTech MINGW64 ~/project (master)
$ git log
commit 861ae206cd50152171cffd12331a06eaab071dcc (HEAD -> master)
Author: Abidemi Olasunkanmi <bidextech@yahoo.com>
Date:   Fri Apr 1 14:12:45 2022 +0100

    updated python file

commit 653848a0d23dcf9be08c018761095639b35fc798
Author: Abidemi Olasunkanmi <bidextech@yahoo.com>
Date:   Fri Apr 1 14:04:45 2022 +0100

    Adding initial files

USER@BidexTech MINGW64 ~/project (master)
$ git remote add origin https://github.com/BidexTech/Project1.git

USER@BidexTech MINGW64 ~/project (master)
$ git push -u origin master
Enumerating objects: 6, done.
Counting objects: 100% (6/6), done.
Delta compression using up to 2 threads
Compressing objects: 100% (4/4), done.
Writing objects: 100% (6/6), 543 bytes | 108.00 KiB/s, done.
Total 6 (delta 0), reused 0 (delta 0), pack-reused 0
To https://github.com/BidexTech/Project1.git
 * [new branch]      master -> master
branch 'master' set up to track 'origin/master'.

USER@BidexTech MINGW64 ~/project (master)
$ git clone https://github.com/BidexTech/Project1.git
Cloning into 'Project1'...
remote: Enumerating objects: 6, done.
remote: Counting objects: 100% (6/6), done.
remote: Compressing objects: 100% (4/4), done.
remote: Total 6 (delta 0), reused 6 (delta 0), pack-reused 0
Receiving objects: 100% (6/6), done.

USER@BidexTech MINGW64 ~/project (master)
$ cd project1/

USER@BidexTech MINGW64 ~/project/project1 (master)
$ code

USER@BidexTech MINGW64 ~/project/project1 (master)
$ cd project
bash: cd: project: No such file or directory

USER@BidexTech MINGW64 ~/project/project1 (master)
$ cd project/
bash: cd: project/: No such file or directory

USER@BidexTech MINGW64 ~/project/project1 (master)
$ cd-
bash: cd-: command not found

USER@BidexTech MINGW64 ~/project/project1 (master)
$ cd -project1
bash: cd: -p: invalid option
cd: usage: cd [-L|[-P [-e]] [-@]] [dir]

USER@BidexTech MINGW64 ~/project/project1 (master)
$ cd -
/c/Users/USER/project

USER@BidexTech MINGW64 ~/project (master)
$ git branch loops

USER@BidexTech MINGW64 ~/project (master)
$ git branch
  loops
* master

USER@BidexTech MINGW64 ~/project (master)
$ git checkout loops
Switched to branch 'loops'

USER@BidexTech MINGW64 ~/project (loops)
$ git add "python.py"

USER@BidexTech MINGW64 ~/project (loops)
$ git status
On branch loops
Changes to be committed:
  (use "git restore --staged <file>..." to unstage)
        modified:   python.py

Untracked files:
  (use "git add <file>..." to include in what will be committed)
        Project1/


USER@BidexTech MINGW64 ~/project (loops)
$ git commit -m "adding loop to python file"
[loops eaa87ac] adding loop to python file
 1 file changed, 4 insertions(+), 1 deletion(-)

USER@BidexTech MINGW64 ~/project (loops)
$ git status
On branch loops
Untracked files:
  (use "git add <file>..." to include in what will be committed)
        Project1/

nothing added to commit but untracked files present (use "git add" to track)

USER@BidexTech MINGW64 ~/project (loops)
$ git checkout master
Switched to branch 'master'
Your branch is up to date with 'origin/master'.

USER@BidexTech MINGW64 ~/project (master)
$ git merge loops -m "merging loops branch with master"
Updating 861ae20..eaa87ac
Fast-forward (no commit created; -m option ignored)
 python.py | 5 ++++-
 1 file changed, 4 insertions(+), 1 deletion(-)

USER@BidexTech MINGW64 ~/project (master)
$ git status
On branch master
Your branch is ahead of 'origin/master' by 1 commit.
  (use "git push" to publish your local commits)

Untracked files:
  (use "git add <file>..." to include in what will be committed)
        Project1/

nothing added to commit but untracked files present (use "git add" to track)

USER@BidexTech MINGW64 ~/project (master)
$ git commit -m "update loops python file"
On branch master
Your branch is ahead of 'origin/master' by 1 commit.
  (use "git push" to publish your local commits)

Untracked files:
  (use "git add <file>..." to include in what will be committed)
        Project1/

nothing added to commit but untracked files present (use "git add" to track)

USER@BidexTech MINGW64 ~/project (master)
$ git push -u origin master
Enumerating objects: 5, done.
Counting objects: 100% (5/5), done.
Delta compression using up to 2 threads
Compressing objects: 100% (3/3), done.
Writing objects: 100% (3/3), 397 bytes | 132.00 KiB/s, done.
Total 3 (delta 0), reused 0 (delta 0), pack-reused 0
To https://github.com/BidexTech/Project1.git
   861ae20..eaa87ac  master -> master
branch 'master' set up to track 'origin/master'.

USER@BidexTech MINGW64 ~/project (master)
$ git log
commit eaa87acfb1b605182470c8fafcd9f912d9ca2ac5 (HEAD -> master, origin/master, loops)
Author: Abidemi Olasunkanmi <bidextech@yahoo.com>
Date:   Fri Apr 1 15:15:24 2022 +0100

    adding loop to python file

commit 861ae206cd50152171cffd12331a06eaab071dcc
Author: Abidemi Olasunkanmi <bidextech@yahoo.com>
Date:   Fri Apr 1 14:12:45 2022 +0100

    updated python file

commit 653848a0d23dcf9be08c018761095639b35fc798
Author: Abidemi Olasunkanmi <bidextech@yahoo.com>
Date:   Fri Apr 1 14:04:45 2022 +0100

    Adding initial files

USER@BidexTech MINGW64 ~/project (master)

USER@BidexTech MINGW64 ~/project (master)
$ git status
On branch master
Your branch is up to date with 'origin/master'.

Changes not staged for commit:
  (use "git add <file>..." to update what will be committed)
  (use "git restore <file>..." to discard changes in working directory)
        modified:   Description.txt

Untracked files:
  (use "git add <file>..." to include in what will be committed)
        Project1/

no changes added to commit (use "git add" and/or "git commit -a")

USER@BidexTech MINGW64 ~/project (master)
$ git add "Description.txt"

USER@BidexTech MINGW64 ~/project (master)
$ git commit -m "updating description"
[master 4f5efce] updating description
 1 file changed, 403 insertions(+)

USER@BidexTech MINGW64 ~/project (master)
$ git status
On branch master
Your branch is ahead of 'origin/master' by 1 commit.
  (use "git push" to publish your local commits)

Untracked files:
  (use "git add <file>..." to include in what will be committed)
        Project1/

nothing added to commit but untracked files present (use "git add" to track)

USER@BidexTech MINGW64 ~/project (master)
$ git push -u origin master
Enumerating objects: 5, done.
Counting objects: 100% (5/5), done.
Delta compression using up to 2 threads
Compressing objects: 100% (3/3), done.
Writing objects: 100% (3/3), 2.95 KiB | 1008.00 KiB/s, done.
Total 3 (delta 0), reused 0 (delta 0), pack-reused 0
To https://github.com/BidexTech/Project1.git
   eaa87ac..4f5efce  master -> master
branch 'master' set up to track 'origin/master'.

USER@BidexTech MINGW64 ~/project (master)
$ git checkout master
Already on 'master'
Your branch is up to date with 'origin/master'.

USER@BidexTech MINGW64 ~/project (master)
$ git pull origin master
remote: Enumerating objects: 9, done.
remote: Counting objects: 100% (9/9), done.
remote: Compressing objects: 100% (6/6), done.
remote: Total 6 (delta 2), reused 0 (delta 0), pack-reused 0
Unpacking objects: 100% (6/6), 1.55 KiB | 2.00 KiB/s, done.
From https://github.com/BidexTech/Project1
 * branch            master     -> FETCH_HEAD
   4f5efce..96b54c7  master     -> origin/master
Updating 4f5efce..96b54c7
Fast-forward
 Description.txt | 55 +++++++++++++++++++++++++++++++++++++++++++++++++++++++
 python.py       |  3 ++-
 2 files changed, 57 insertions(+), 1 deletion(-)

USER@BidexTech MINGW64 ~/project (master)
$
